// Jest Snapshot v1, https://goo.gl/fbAQLP

exports[`Navigation/ModalWithTabs Localized smoke-test 1`] = `
<div>
  <button class="MuiButtonBase-root MuiButton-root MuiButton-outlined MuiButton-outlinedPrimary MuiButton-sizeMedium MuiButton-outlinedSizeMedium MuiButton-disableElevation MuiButton-root MuiButton-outlined MuiButton-outlinedPrimary MuiButton-sizeMedium MuiButton-outlinedSizeMedium MuiButton-disableElevation css-1p5nen7-MuiButtonBase-root-MuiButton-root"
          tabindex="0"
          type="button"
          data-cy="button"
  >
    <span class="MuiButton-startIcon MuiButton-iconSizeMedium css-1d6wzja-MuiButton-startIcon">
      <svg class="MuiSvgIcon-root MuiSvgIcon-fontSizeMedium css-1wnp694-MuiSvgIcon-root"
           focusable="false"
           aria-hidden="true"
           viewbox="0 0 24 24"
           data-testid="OpenInNewIcon"
           data-cy="button-icon"
      >
        <path d="M19 19H5V5h7V3H5c-1.11 0-2 .9-2 2v14c0 1.1.89 2 2 2h14c1.1 0 2-.9 2-2v-7h-2v7zM14 3v2h3.59l-9.83 9.83 1.41 1.41L19 6.41V10h2V3h-7z">
        </path>
      </svg>
    </span>
    Open
    <span class="MuiTouchRipple-root css-8je8zh-MuiTouchRipple-root">
    </span>
  </button>
</div>
`;

exports[`Navigation/ModalWithTabs Primary smoke-test 1`] = `
<div>
  <button class="MuiButtonBase-root MuiButton-root MuiButton-outlined MuiButton-outlinedPrimary MuiButton-sizeMedium MuiButton-outlinedSizeMedium MuiButton-disableElevation MuiButton-root MuiButton-outlined MuiButton-outlinedPrimary MuiButton-sizeMedium MuiButton-outlinedSizeMedium MuiButton-disableElevation css-1p5nen7-MuiButtonBase-root-MuiButton-root"
          tabindex="0"
          type="button"
          data-cy="button"
  >
    <span class="MuiButton-startIcon MuiButton-iconSizeMedium css-1d6wzja-MuiButton-startIcon">
      <svg class="MuiSvgIcon-root MuiSvgIcon-fontSizeMedium css-1wnp694-MuiSvgIcon-root"
           focusable="false"
           aria-hidden="true"
           viewbox="0 0 24 24"
           data-testid="OpenInNewIcon"
           data-cy="button-icon"
      >
        <path d="M19 19H5V5h7V3H5c-1.11 0-2 .9-2 2v14c0 1.1.89 2 2 2h14c1.1 0 2-.9 2-2v-7h-2v7zM14 3v2h3.59l-9.83 9.83 1.41 1.41L19 6.41V10h2V3h-7z">
        </path>
      </svg>
    </span>
    Open
    <span class="MuiTouchRipple-root css-8je8zh-MuiTouchRipple-root">
    </span>
  </button>
</div>
`;

exports[`Navigation/ModalWithTabs Vertical smoke-test 1`] = `
<div>
  <button class="MuiButtonBase-root MuiButton-root MuiButton-outlined MuiButton-outlinedPrimary MuiButton-sizeMedium MuiButton-outlinedSizeMedium MuiButton-disableElevation MuiButton-root MuiButton-outlined MuiButton-outlinedPrimary MuiButton-sizeMedium MuiButton-outlinedSizeMedium MuiButton-disableElevation css-1p5nen7-MuiButtonBase-root-MuiButton-root"
          tabindex="0"
          type="button"
          data-cy="button"
  >
    <span class="MuiButton-startIcon MuiButton-iconSizeMedium css-1d6wzja-MuiButton-startIcon">
      <svg class="MuiSvgIcon-root MuiSvgIcon-fontSizeMedium css-1wnp694-MuiSvgIcon-root"
           focusable="false"
           aria-hidden="true"
           viewbox="0 0 24 24"
           data-testid="OpenInNewIcon"
           data-cy="button-icon"
      >
        <path d="M19 19H5V5h7V3H5c-1.11 0-2 .9-2 2v14c0 1.1.89 2 2 2h14c1.1 0 2-.9 2-2v-7h-2v7zM14 3v2h3.59l-9.83 9.83 1.41 1.41L19 6.41V10h2V3h-7z">
        </path>
      </svg>
    </span>
    Open
    <span class="MuiTouchRipple-root css-8je8zh-MuiTouchRipple-root">
    </span>
  </button>
</div>
`;
